{
  "status": "PASS",
  "native_catalog_entries": 121,
  "pc_entry_return_cases": 100,
  "saved_decoration_slot_cases": 128,
  "decoration_placement_cases": 250560,
  "allowed_placement_cases": 25615,
  "actual_decoration_write_cases": 600,
  "maps": {
    "SecretBase_Tree1": {
      "placement_cases": 23760,
      "allowed_placement_cases": 3022,
      "pc": [
        2,
        2
      ],
      "map_group_number": [
        25,
        4
      ]
    },
    "SecretBase_Tree2": {
      "placement_cases": 26880,
      "allowed_placement_cases": 2467,
      "pc": [
        5,
        5
      ],
      "map_group_number": [
        25,
        10
      ]
    },
    "SecretBase_Tree3": {
      "placement_cases": 32640,
      "allowed_placement_cases": 3312,
      "pc": [
        15,
        2
      ],
      "map_group_number": [
        25,
        16
      ]
    },
    "SecretBase_Tree4": {
      "placement_cases": 47040,
      "allowed_placement_cases": 4010,
      "pc": [
        4,
        9
      ],
      "map_group_number": [
        25,
        22
      ]
    },
    "SecretBase_Shrub1": {
      "placement_cases": 23760,
      "allowed_placement_cases": 2758,
      "pc": [
        3,
        2
      ],
      "map_group_number": [
        25,
        5
      ]
    },
    "SecretBase_Shrub2": {
      "placement_cases": 25200,
      "allowed_placement_cases": 3170,
      "pc": [
        1,
        1
      ],
      "map_group_number": [
        25,
        11
      ]
    },
    "SecretBase_Shrub3": {
      "placement_cases": 34320,
      "allowed_placement_cases": 3370,
      "pc": [
        7,
        7
      ],
      "map_group_number": [
        25,
        17
      ]
    },
    "SecretBase_Shrub4": {
      "placement_cases": 36960,
      "allowed_placement_cases": 3506,
      "pc": [
        9,
        5
      ],
      "map_group_number": [
        25,
        23
      ]
    }
  },
  "scope": "Production C functions and native catalog on host; map grid, variables, save records, objects, fades/tasks and warp callbacks are explicit services. No full ROM interpreter, record mixing link session, sprite engine or emulator."
}
