CAPTURE antes-pampa-hall
CAPTURE antes-pampa-praca
CAPTURE antes-102-campos
CAPTURE antes-103-encontro
CAPTURE antes-104-norte
CAPTURE antes-104-costa
CAPTURE antes-103-rio
CAPTURE depois-pampa-hall
CAPTURE depois-pampa-praca
CAPTURE depois-102-campos
CAPTURE depois-103-encontro
CAPTURE depois-104-norte
CAPTURE depois-104-costa
CAPTURE depois-103-rio
CAPTURE antes-borda-PetalburgCity-Route104
CAPTURE depois-borda-PetalburgCity-Route104
CAPTURE antes-borda-Route104-PetalburgCity
CAPTURE depois-borda-Route104-PetalburgCity
CAPTURE antes-borda-Route104-RustboroCity
CAPTURE depois-borda-Route104-RustboroCity
CAPTURE antes-borda-RustboroCity-Route104
CAPTURE depois-borda-RustboroCity-Route104
CAPTURE antes-borda-MauvilleCity-Route111
CAPTURE depois-borda-MauvilleCity-Route111
CAPTURE antes-borda-Route111-MauvilleCity
CAPTURE depois-borda-Route111-MauvilleCity
CAPTURE antes-borda-MauvilleCity-Route117
CAPTURE depois-borda-MauvilleCity-Route117
CAPTURE antes-borda-Route117-MauvilleCity
CAPTURE depois-borda-Route117-MauvilleCity
CAPTURE antes-borda-MauvilleCity-Route118
CAPTURE depois-borda-MauvilleCity-Route118
CAPTURE antes-borda-Route118-MauvilleCity
CAPTURE depois-borda-Route118-MauvilleCity
CAPTURE antes-borda-RustboroCity-Route115
CAPTURE depois-borda-RustboroCity-Route115
CAPTURE antes-borda-Route115-RustboroCity
CAPTURE depois-borda-Route115-RustboroCity
CAPTURE antes-borda-LavaridgeTown-Route112
CAPTURE depois-borda-LavaridgeTown-Route112
CAPTURE antes-borda-Route112-LavaridgeTown
CAPTURE depois-borda-Route112-LavaridgeTown
PASS 42 mGBA cases
