Region-map Arauna names: 0 changed; 30 verified.
English-only policy: OK (128 approved English renderers in locked order; 106 final transactional overlay files; 37537 visible strings scanned, no Portuguese)
Arauna canonical visible coverage: OK (16/16 stages; 100%; 128 English renderers; 346 final-gap runtime text blocks covered; 40 final-gap source files transactional).
widest contest_strings.inc line vanilla renders: 144px
widest item_descriptions.h line vanilla renders: 102px
widest move_descriptions.h line vanilla renders: 147px
widest line vanilla renders: 208px  "If a POKéMON knew how to go underwater,"
move descriptions: OK (381 moves, each with its own text)
text width: OK (575 script files, nothing past 208px)
tools/mapjson/mapjson layouts emerald data/layouts/layouts.json data/layouts include/constants
tools/jsonproc/jsonproc src/data/region_map/region_map_sections.json src/data/region_map/region_map_sections.json.txt src/data/region_map/region_map_entries.h
tools/jsonproc/jsonproc src/data/region_map/region_map_sections.json src/data/region_map/region_map_sections.constants.json.txt include/constants/region_map_sections.h
tools/scaninc/scaninc -M build/arauna-en/modern/data/mystery_gift.d -g build/arauna-en/assets -I include -I "" data/mystery_gift.s
tools/scaninc/scaninc -M build/arauna-en/modern/data/maps.d -g build/arauna-en/assets -I include -I "" data/maps.s
tools/scaninc/scaninc -M build/arauna-en/modern/data/event_scripts.d -g build/arauna-en/assets -I include -I "" data/event_scripts.s
tools/scaninc/scaninc -M build/arauna-en/modern/src/wild_encounter.d -g build/arauna-en/assets -I include -I tools/agbcc/include src/wild_encounter.c
tools/scaninc/scaninc -M build/arauna-en/modern/src/tv.d -g build/arauna-en/assets -I include -I tools/agbcc/include src/tv.c
tools/scaninc/scaninc -M build/arauna-en/modern/src/trainer_hill.d -g build/arauna-en/assets -I include -I tools/agbcc/include src/trainer_hill.c
tools/scaninc/scaninc -M build/arauna-en/modern/src/trade.d -g build/arauna-en/assets -I include -I tools/agbcc/include src/trade.c
tools/scaninc/scaninc -M build/arauna-en/modern/src/tilesets.d -g build/arauna-en/assets -I include -I tools/agbcc/include src/tilesets.c
tools/scaninc/scaninc -M build/arauna-en/modern/src/region_map.d -g build/arauna-en/assets -I include -I tools/agbcc/include src/region_map.c
tools/scaninc/scaninc -M build/arauna-en/modern/src/pokenav_region_map.d -g build/arauna-en/assets -I include -I tools/agbcc/include src/pokenav_region_map.c
tools/scaninc/scaninc -M build/arauna-en/modern/src/pokenav_match_call_gfx.d -g build/arauna-en/assets -I include -I tools/agbcc/include src/pokenav_match_call_gfx.c
tools/scaninc/scaninc -M build/arauna-en/modern/src/pokenav_match_call_data.d -g build/arauna-en/assets -I include -I tools/agbcc/include src/pokenav_match_call_data.c
tools/scaninc/scaninc -M build/arauna-en/modern/src/pokemon_summary_screen.d -g build/arauna-en/assets -I include -I tools/agbcc/include src/pokemon_summary_screen.c
tools/scaninc/scaninc -M build/arauna-en/modern/src/pokemon.d -g build/arauna-en/assets -I include -I tools/agbcc/include src/pokemon.c
tools/scaninc/scaninc -M build/arauna-en/modern/src/pokedex_area_screen.d -g build/arauna-en/assets -I include -I tools/agbcc/include src/pokedex_area_screen.c
tools/scaninc/scaninc -M build/arauna-en/modern/src/overworld.d -g build/arauna-en/assets -I include -I tools/agbcc/include src/overworld.c
tools/scaninc/scaninc -M build/arauna-en/modern/src/match_call.d -g build/arauna-en/assets -I include -I tools/agbcc/include src/match_call.c
tools/scaninc/scaninc -M build/arauna-en/modern/src/map_name_popup.d -g build/arauna-en/assets -I include -I tools/agbcc/include src/map_name_popup.c
tools/scaninc/scaninc -M build/arauna-en/modern/src/landmark.d -g build/arauna-en/assets -I include -I tools/agbcc/include src/landmark.c
tools/scaninc/scaninc -M build/arauna-en/modern/src/frontier_pass.d -g build/arauna-en/assets -I include -I tools/agbcc/include src/frontier_pass.c
tools/scaninc/scaninc -M build/arauna-en/modern/src/fldeff_cut.d -g build/arauna-en/assets -I include -I tools/agbcc/include src/fldeff_cut.c
tools/scaninc/scaninc -M build/arauna-en/modern/src/field_camera.d -g build/arauna-en/assets -I include -I tools/agbcc/include src/field_camera.c
tools/scaninc/scaninc -M build/arauna-en/modern/src/decoration.d -g build/arauna-en/assets -I include -I tools/agbcc/include src/decoration.c
tools/scaninc/scaninc -M build/arauna-en/modern/src/daycare.d -g build/arauna-en/assets -I include -I tools/agbcc/include src/daycare.c
tools/scaninc/scaninc -M build/arauna-en/modern/src/battle_tent.d -g build/arauna-en/assets -I include -I tools/agbcc/include src/battle_tent.c
tools/scaninc/scaninc -M build/arauna-en/modern/src/battle_pyramid.d -g build/arauna-en/assets -I include -I tools/agbcc/include src/battle_pyramid.c
tools/scaninc/scaninc -M build/arauna-en/modern/src/battle_pike.d -g build/arauna-en/assets -I include -I tools/agbcc/include src/battle_pike.c
tools/scaninc/scaninc -M build/arauna-en/modern/src/battle_factory.d -g build/arauna-en/assets -I include -I tools/agbcc/include src/battle_factory.c
tools/scaninc/scaninc -M build/arauna-en/modern/src/arauna_cave_visuals.d -g build/arauna-en/assets -I include -I tools/agbcc/include src/arauna_cave_visuals.c
tools/scaninc/scaninc -M build/arauna-en/modern/src/arauna_border_visuals.d -g build/arauna-en/assets -I include -I tools/agbcc/include src/arauna_border_visuals.c
/workspace/scratch/d023984cb14b/deps/root/usr/bin/../lib/gcc/arm-none-eabi/13.2.1/cc1 -quiet <flags> -o build/arauna-en/modern/src/arauna_cave_visuals.o src/arauna_cave_visuals.c
/workspace/scratch/d023984cb14b/deps/root/usr/bin/../lib/gcc/arm-none-eabi/13.2.1/cc1 -quiet <flags> -o build/arauna-en/modern/src/arauna_border_visuals.o src/arauna_border_visuals.c
/workspace/scratch/d023984cb14b/deps/root/usr/bin/../lib/gcc/arm-none-eabi/13.2.1/cc1 -quiet <flags> -o build/arauna-en/modern/src/battle_factory.o src/battle_factory.c
/workspace/scratch/d023984cb14b/deps/root/usr/bin/../lib/gcc/arm-none-eabi/13.2.1/cc1 -quiet <flags> -o build/arauna-en/modern/src/battle_pike.o src/battle_pike.c
/workspace/scratch/d023984cb14b/deps/root/usr/bin/../lib/gcc/arm-none-eabi/13.2.1/cc1 -quiet <flags> -o build/arauna-en/modern/src/battle_pyramid.o src/battle_pyramid.c
/workspace/scratch/d023984cb14b/deps/root/usr/bin/../lib/gcc/arm-none-eabi/13.2.1/cc1 -quiet <flags> -o build/arauna-en/modern/src/battle_tent.o src/battle_tent.c
/workspace/scratch/d023984cb14b/deps/root/usr/bin/../lib/gcc/arm-none-eabi/13.2.1/cc1 -quiet <flags> -o build/arauna-en/modern/src/daycare.o src/daycare.c
/workspace/scratch/d023984cb14b/deps/root/usr/bin/../lib/gcc/arm-none-eabi/13.2.1/cc1 -quiet <flags> -o build/arauna-en/modern/src/decoration.o src/decoration.c
/workspace/scratch/d023984cb14b/deps/root/usr/bin/../lib/gcc/arm-none-eabi/13.2.1/cc1 -quiet <flags> -o build/arauna-en/modern/src/field_camera.o src/field_camera.c
/workspace/scratch/d023984cb14b/deps/root/usr/bin/../lib/gcc/arm-none-eabi/13.2.1/cc1 -quiet <flags> -o build/arauna-en/modern/src/fldeff_cut.o src/fldeff_cut.c
/workspace/scratch/d023984cb14b/deps/root/usr/bin/../lib/gcc/arm-none-eabi/13.2.1/cc1 -quiet <flags> -o build/arauna-en/modern/src/frontier_pass.o src/frontier_pass.c
/workspace/scratch/d023984cb14b/deps/root/usr/bin/../lib/gcc/arm-none-eabi/13.2.1/cc1 -quiet <flags> -o build/arauna-en/modern/src/landmark.o src/landmark.c
/workspace/scratch/d023984cb14b/deps/root/usr/bin/../lib/gcc/arm-none-eabi/13.2.1/cc1 -quiet <flags> -o build/arauna-en/modern/src/map_name_popup.o src/map_name_popup.c
/workspace/scratch/d023984cb14b/deps/root/usr/bin/../lib/gcc/arm-none-eabi/13.2.1/cc1 -quiet <flags> -o build/arauna-en/modern/src/match_call.o src/match_call.c
/workspace/scratch/d023984cb14b/deps/root/usr/bin/../lib/gcc/arm-none-eabi/13.2.1/cc1 -quiet <flags> -o build/arauna-en/modern/src/overworld.o src/overworld.c
/workspace/scratch/d023984cb14b/deps/root/usr/bin/../lib/gcc/arm-none-eabi/13.2.1/cc1 -quiet <flags> -o build/arauna-en/modern/src/pokedex_area_screen.o src/pokedex_area_screen.c
/workspace/scratch/d023984cb14b/deps/root/usr/bin/../lib/gcc/arm-none-eabi/13.2.1/cc1 -quiet <flags> -o build/arauna-en/modern/src/pokemon.o src/pokemon.c
/workspace/scratch/d023984cb14b/deps/root/usr/bin/../lib/gcc/arm-none-eabi/13.2.1/cc1 -quiet <flags> -o build/arauna-en/modern/src/pokemon_summary_screen.o src/pokemon_summary_screen.c
/workspace/scratch/d023984cb14b/deps/root/usr/bin/../lib/gcc/arm-none-eabi/13.2.1/cc1 -quiet <flags> -o build/arauna-en/modern/src/pokenav_match_call_data.o src/pokenav_match_call_data.c
/workspace/scratch/d023984cb14b/deps/root/usr/bin/../lib/gcc/arm-none-eabi/13.2.1/cc1 -quiet <flags> -o build/arauna-en/modern/src/pokenav_match_call_gfx.o src/pokenav_match_call_gfx.c
/workspace/scratch/d023984cb14b/deps/root/usr/bin/../lib/gcc/arm-none-eabi/13.2.1/cc1 -quiet <flags> -o build/arauna-en/modern/src/pokenav_region_map.o src/pokenav_region_map.c
/workspace/scratch/d023984cb14b/deps/root/usr/bin/../lib/gcc/arm-none-eabi/13.2.1/cc1 -quiet <flags> -o build/arauna-en/modern/src/region_map.o src/region_map.c
tools/gbagfx/gbagfx data/tilesets/primary/arauna_border_ever_grande_city_v2/palettes/00.pal build/arauna-en/assets/data/tilesets/primary/arauna_border_ever_grande_city_v2/palettes/00.pal.gbapal
tools/gbagfx/gbagfx data/tilesets/primary/arauna_border_ever_grande_city_v2/palettes/01.pal build/arauna-en/assets/data/tilesets/primary/arauna_border_ever_grande_city_v2/palettes/01.pal.gbapal
tools/gbagfx/gbagfx data/tilesets/primary/arauna_border_ever_grande_city_v2/palettes/02.pal build/arauna-en/assets/data/tilesets/primary/arauna_border_ever_grande_city_v2/palettes/02.pal.gbapal
tools/gbagfx/gbagfx data/tilesets/primary/arauna_border_ever_grande_city_v2/palettes/03.pal build/arauna-en/assets/data/tilesets/primary/arauna_border_ever_grande_city_v2/palettes/03.pal.gbapal
tools/gbagfx/gbagfx data/tilesets/primary/arauna_border_ever_grande_city_v2/palettes/04.pal build/arauna-en/assets/data/tilesets/primary/arauna_border_ever_grande_city_v2/palettes/04.pal.gbapal
tools/gbagfx/gbagfx data/tilesets/primary/arauna_border_ever_grande_city_v2/palettes/05.pal build/arauna-en/assets/data/tilesets/primary/arauna_border_ever_grande_city_v2/palettes/05.pal.gbapal
tools/gbagfx/gbagfx data/tilesets/primary/arauna_border_ever_grande_city_v2/palettes/06.pal build/arauna-en/assets/data/tilesets/primary/arauna_border_ever_grande_city_v2/palettes/06.pal.gbapal
tools/gbagfx/gbagfx data/tilesets/primary/arauna_border_ever_grande_city_v2/palettes/07.pal build/arauna-en/assets/data/tilesets/primary/arauna_border_ever_grande_city_v2/palettes/07.pal.gbapal
tools/gbagfx/gbagfx data/tilesets/primary/arauna_border_ever_grande_city_v2/palettes/08.pal build/arauna-en/assets/data/tilesets/primary/arauna_border_ever_grande_city_v2/palettes/08.pal.gbapal
tools/gbagfx/gbagfx data/tilesets/primary/arauna_border_ever_grande_city_v2/palettes/09.pal build/arauna-en/assets/data/tilesets/primary/arauna_border_ever_grande_city_v2/palettes/09.pal.gbapal
tools/gbagfx/gbagfx data/tilesets/primary/arauna_border_ever_grande_city_v2/palettes/10.pal build/arauna-en/assets/data/tilesets/primary/arauna_border_ever_grande_city_v2/palettes/10.pal.gbapal
tools/gbagfx/gbagfx data/tilesets/primary/arauna_border_ever_grande_city_v2/palettes/11.pal build/arauna-en/assets/data/tilesets/primary/arauna_border_ever_grande_city_v2/palettes/11.pal.gbapal
tools/gbagfx/gbagfx data/tilesets/primary/arauna_border_ever_grande_city_v2/palettes/12.pal build/arauna-en/assets/data/tilesets/primary/arauna_border_ever_grande_city_v2/palettes/12.pal.gbapal
tools/gbagfx/gbagfx data/tilesets/primary/arauna_border_ever_grande_city_v2/tiles.png build/arauna-en/assets/data/tilesets/primary/arauna_border_ever_grande_city_v2/tiles.png.4bpp
tools/gbagfx/gbagfx data/tilesets/primary/arauna_border_mauville_city_v2/palettes/00.pal build/arauna-en/assets/data/tilesets/primary/arauna_border_mauville_city_v2/palettes/00.pal.gbapal
tools/gbagfx/gbagfx data/tilesets/primary/arauna_border_mauville_city_v2/palettes/01.pal build/arauna-en/assets/data/tilesets/primary/arauna_border_mauville_city_v2/palettes/01.pal.gbapal
tools/gbagfx/gbagfx data/tilesets/primary/arauna_border_mauville_city_v2/palettes/02.pal build/arauna-en/assets/data/tilesets/primary/arauna_border_mauville_city_v2/palettes/02.pal.gbapal
tools/gbagfx/gbagfx data/tilesets/primary/arauna_border_mauville_city_v2/palettes/03.pal build/arauna-en/assets/data/tilesets/primary/arauna_border_mauville_city_v2/palettes/03.pal.gbapal
tools/gbagfx/gbagfx data/tilesets/primary/arauna_border_mauville_city_v2/palettes/04.pal build/arauna-en/assets/data/tilesets/primary/arauna_border_mauville_city_v2/palettes/04.pal.gbapal
tools/gbagfx/gbagfx data/tilesets/primary/arauna_border_mauville_city_v2/palettes/05.pal build/arauna-en/assets/data/tilesets/primary/arauna_border_mauville_city_v2/palettes/05.pal.gbapal
tools/gbagfx/gbagfx data/tilesets/primary/arauna_border_mauville_city_v2/palettes/06.pal build/arauna-en/assets/data/tilesets/primary/arauna_border_mauville_city_v2/palettes/06.pal.gbapal
tools/gbagfx/gbagfx data/tilesets/primary/arauna_border_mauville_city_v2/palettes/07.pal build/arauna-en/assets/data/tilesets/primary/arauna_border_mauville_city_v2/palettes/07.pal.gbapal
tools/gbagfx/gbagfx data/tilesets/primary/arauna_border_mauville_city_v2/palettes/08.pal build/arauna-en/assets/data/tilesets/primary/arauna_border_mauville_city_v2/palettes/08.pal.gbapal
tools/gbagfx/gbagfx data/tilesets/primary/arauna_border_mauville_city_v2/palettes/09.pal build/arauna-en/assets/data/tilesets/primary/arauna_border_mauville_city_v2/palettes/09.pal.gbapal
tools/gbagfx/gbagfx data/tilesets/primary/arauna_border_mauville_city_v2/palettes/10.pal build/arauna-en/assets/data/tilesets/primary/arauna_border_mauville_city_v2/palettes/10.pal.gbapal
tools/gbagfx/gbagfx data/tilesets/primary/arauna_border_mauville_city_v2/palettes/11.pal build/arauna-en/assets/data/tilesets/primary/arauna_border_mauville_city_v2/palettes/11.pal.gbapal
tools/gbagfx/gbagfx data/tilesets/primary/arauna_border_mauville_city_v2/palettes/12.pal build/arauna-en/assets/data/tilesets/primary/arauna_border_mauville_city_v2/palettes/12.pal.gbapal
tools/gbagfx/gbagfx data/tilesets/primary/arauna_border_mauville_city_v2/tiles.png build/arauna-en/assets/data/tilesets/primary/arauna_border_mauville_city_v2/tiles.png.4bpp
tools/gbagfx/gbagfx data/tilesets/primary/arauna_border_route103_v2/palettes/00.pal build/arauna-en/assets/data/tilesets/primary/arauna_border_route103_v2/palettes/00.pal.gbapal
tools/gbagfx/gbagfx data/tilesets/primary/arauna_border_route103_v2/palettes/01.pal build/arauna-en/assets/data/tilesets/primary/arauna_border_route103_v2/palettes/01.pal.gbapal
tools/gbagfx/gbagfx data/tilesets/primary/arauna_border_route103_v2/palettes/02.pal build/arauna-en/assets/data/tilesets/primary/arauna_border_route103_v2/palettes/02.pal.gbapal
tools/gbagfx/gbagfx data/tilesets/primary/arauna_border_route103_v2/palettes/03.pal build/arauna-en/assets/data/tilesets/primary/arauna_border_route103_v2/palettes/03.pal.gbapal
tools/gbagfx/gbagfx data/tilesets/primary/arauna_border_route103_v2/palettes/04.pal build/arauna-en/assets/data/tilesets/primary/arauna_border_route103_v2/palettes/04.pal.gbapal
tools/gbagfx/gbagfx data/tilesets/primary/arauna_border_route103_v2/palettes/05.pal build/arauna-en/assets/data/tilesets/primary/arauna_border_route103_v2/palettes/05.pal.gbapal
tools/gbagfx/gbagfx data/tilesets/primary/arauna_border_route103_v2/palettes/06.pal build/arauna-en/assets/data/tilesets/primary/arauna_border_route103_v2/palettes/06.pal.gbapal
tools/gbagfx/gbagfx data/tilesets/primary/arauna_border_route103_v2/palettes/07.pal build/arauna-en/assets/data/tilesets/primary/arauna_border_route103_v2/palettes/07.pal.gbapal
tools/gbagfx/gbagfx data/tilesets/primary/arauna_border_route103_v2/palettes/08.pal build/arauna-en/assets/data/tilesets/primary/arauna_border_route103_v2/palettes/08.pal.gbapal
tools/gbagfx/gbagfx data/tilesets/primary/arauna_border_route103_v2/palettes/09.pal build/arauna-en/assets/data/tilesets/primary/arauna_border_route103_v2/palettes/09.pal.gbapal
tools/gbagfx/gbagfx data/tilesets/primary/arauna_border_route103_v2/palettes/11.pal build/arauna-en/assets/data/tilesets/primary/arauna_border_route103_v2/palettes/11.pal.gbapal
tools/gbagfx/gbagfx data/tilesets/primary/arauna_border_route103_v2/palettes/10.pal build/arauna-en/assets/data/tilesets/primary/arauna_border_route103_v2/palettes/10.pal.gbapal
tools/gbagfx/gbagfx data/tilesets/primary/arauna_border_route103_v2/palettes/12.pal build/arauna-en/assets/data/tilesets/primary/arauna_border_route103_v2/palettes/12.pal.gbapal
tools/gbagfx/gbagfx data/tilesets/primary/arauna_border_route103_v2/tiles.png build/arauna-en/assets/data/tilesets/primary/arauna_border_route103_v2/tiles.png.4bpp
tools/gbagfx/gbagfx data/tilesets/primary/arauna_border_route110_v2/palettes/00.pal build/arauna-en/assets/data/tilesets/primary/arauna_border_route110_v2/palettes/00.pal.gbapal
tools/gbagfx/gbagfx data/tilesets/primary/arauna_border_route110_v2/palettes/01.pal build/arauna-en/assets/data/tilesets/primary/arauna_border_route110_v2/palettes/01.pal.gbapal
tools/gbagfx/gbagfx data/tilesets/primary/arauna_border_route110_v2/palettes/02.pal build/arauna-en/assets/data/tilesets/primary/arauna_border_route110_v2/palettes/02.pal.gbapal
tools/gbagfx/gbagfx data/tilesets/primary/arauna_border_route110_v2/palettes/03.pal build/arauna-en/assets/data/tilesets/primary/arauna_border_route110_v2/palettes/03.pal.gbapal
tools/gbagfx/gbagfx data/tilesets/primary/arauna_border_route110_v2/palettes/05.pal build/arauna-en/assets/data/tilesets/primary/arauna_border_route110_v2/palettes/05.pal.gbapal
tools/gbagfx/gbagfx data/tilesets/primary/arauna_border_route110_v2/palettes/04.pal build/arauna-en/assets/data/tilesets/primary/arauna_border_route110_v2/palettes/04.pal.gbapal
tools/gbagfx/gbagfx data/tilesets/primary/arauna_border_route110_v2/palettes/06.pal build/arauna-en/assets/data/tilesets/primary/arauna_border_route110_v2/palettes/06.pal.gbapal
tools/gbagfx/gbagfx data/tilesets/primary/arauna_border_route110_v2/palettes/07.pal build/arauna-en/assets/data/tilesets/primary/arauna_border_route110_v2/palettes/07.pal.gbapal
tools/gbagfx/gbagfx data/tilesets/primary/arauna_border_route110_v2/palettes/08.pal build/arauna-en/assets/data/tilesets/primary/arauna_border_route110_v2/palettes/08.pal.gbapal
tools/gbagfx/gbagfx data/tilesets/primary/arauna_border_route110_v2/palettes/09.pal build/arauna-en/assets/data/tilesets/primary/arauna_border_route110_v2/palettes/09.pal.gbapal
tools/gbagfx/gbagfx data/tilesets/primary/arauna_border_route110_v2/palettes/10.pal build/arauna-en/assets/data/tilesets/primary/arauna_border_route110_v2/palettes/10.pal.gbapal
tools/gbagfx/gbagfx data/tilesets/primary/arauna_border_route110_v2/palettes/11.pal build/arauna-en/assets/data/tilesets/primary/arauna_border_route110_v2/palettes/11.pal.gbapal
tools/gbagfx/gbagfx data/tilesets/primary/arauna_border_route110_v2/palettes/12.pal build/arauna-en/assets/data/tilesets/primary/arauna_border_route110_v2/palettes/12.pal.gbapal
tools/gbagfx/gbagfx data/tilesets/primary/arauna_border_route110_v2/tiles.png build/arauna-en/assets/data/tilesets/primary/arauna_border_route110_v2/tiles.png.4bpp
tools/gbagfx/gbagfx data/tilesets/primary/arauna_border_route124_v2/palettes/00.pal build/arauna-en/assets/data/tilesets/primary/arauna_border_route124_v2/palettes/00.pal.gbapal
tools/gbagfx/gbagfx data/tilesets/primary/arauna_border_route124_v2/palettes/01.pal build/arauna-en/assets/data/tilesets/primary/arauna_border_route124_v2/palettes/01.pal.gbapal
tools/gbagfx/gbagfx data/tilesets/primary/arauna_border_route124_v2/palettes/02.pal build/arauna-en/assets/data/tilesets/primary/arauna_border_route124_v2/palettes/02.pal.gbapal
tools/gbagfx/gbagfx data/tilesets/primary/arauna_border_route124_v2/palettes/03.pal build/arauna-en/assets/data/tilesets/primary/arauna_border_route124_v2/palettes/03.pal.gbapal
tools/gbagfx/gbagfx data/tilesets/primary/arauna_border_route124_v2/palettes/04.pal build/arauna-en/assets/data/tilesets/primary/arauna_border_route124_v2/palettes/04.pal.gbapal
tools/gbagfx/gbagfx data/tilesets/primary/arauna_border_route124_v2/palettes/05.pal build/arauna-en/assets/data/tilesets/primary/arauna_border_route124_v2/palettes/05.pal.gbapal
tools/gbagfx/gbagfx data/tilesets/primary/arauna_border_route124_v2/palettes/06.pal build/arauna-en/assets/data/tilesets/primary/arauna_border_route124_v2/palettes/06.pal.gbapal
tools/gbagfx/gbagfx data/tilesets/primary/arauna_border_route124_v2/palettes/07.pal build/arauna-en/assets/data/tilesets/primary/arauna_border_route124_v2/palettes/07.pal.gbapal
tools/gbagfx/gbagfx data/tilesets/primary/arauna_border_route124_v2/palettes/08.pal build/arauna-en/assets/data/tilesets/primary/arauna_border_route124_v2/palettes/08.pal.gbapal
tools/gbagfx/gbagfx data/tilesets/primary/arauna_border_route124_v2/palettes/10.pal build/arauna-en/assets/data/tilesets/primary/arauna_border_route124_v2/palettes/10.pal.gbapal
tools/gbagfx/gbagfx data/tilesets/primary/arauna_border_route124_v2/palettes/09.pal build/arauna-en/assets/data/tilesets/primary/arauna_border_route124_v2/palettes/09.pal.gbapal
tools/gbagfx/gbagfx data/tilesets/primary/arauna_border_route124_v2/palettes/11.pal build/arauna-en/assets/data/tilesets/primary/arauna_border_route124_v2/palettes/11.pal.gbapal
tools/gbagfx/gbagfx data/tilesets/primary/arauna_border_route124_v2/palettes/12.pal build/arauna-en/assets/data/tilesets/primary/arauna_border_route124_v2/palettes/12.pal.gbapal
tools/gbagfx/gbagfx data/tilesets/primary/arauna_border_route124_v2/tiles.png build/arauna-en/assets/data/tilesets/primary/arauna_border_route124_v2/tiles.png.4bpp
tools/gbagfx/gbagfx data/tilesets/primary/arauna_border_route126_v2/palettes/00.pal build/arauna-en/assets/data/tilesets/primary/arauna_border_route126_v2/palettes/00.pal.gbapal
tools/gbagfx/gbagfx data/tilesets/primary/arauna_border_route126_v2/palettes/01.pal build/arauna-en/assets/data/tilesets/primary/arauna_border_route126_v2/palettes/01.pal.gbapal
tools/gbagfx/gbagfx data/tilesets/primary/arauna_border_route126_v2/palettes/02.pal build/arauna-en/assets/data/tilesets/primary/arauna_border_route126_v2/palettes/02.pal.gbapal
tools/gbagfx/gbagfx data/tilesets/primary/arauna_border_route126_v2/palettes/03.pal build/arauna-en/assets/data/tilesets/primary/arauna_border_route126_v2/palettes/03.pal.gbapal
tools/gbagfx/gbagfx data/tilesets/primary/arauna_border_route126_v2/palettes/04.pal build/arauna-en/assets/data/tilesets/primary/arauna_border_route126_v2/palettes/04.pal.gbapal
tools/gbagfx/gbagfx data/tilesets/primary/arauna_border_route126_v2/palettes/05.pal build/arauna-en/assets/data/tilesets/primary/arauna_border_route126_v2/palettes/05.pal.gbapal
tools/gbagfx/gbagfx data/tilesets/primary/arauna_border_route126_v2/palettes/06.pal build/arauna-en/assets/data/tilesets/primary/arauna_border_route126_v2/palettes/06.pal.gbapal
tools/gbagfx/gbagfx data/tilesets/primary/arauna_border_route126_v2/palettes/07.pal build/arauna-en/assets/data/tilesets/primary/arauna_border_route126_v2/palettes/07.pal.gbapal
tools/gbagfx/gbagfx data/tilesets/primary/arauna_border_route126_v2/palettes/08.pal build/arauna-en/assets/data/tilesets/primary/arauna_border_route126_v2/palettes/08.pal.gbapal
tools/gbagfx/gbagfx data/tilesets/primary/arauna_border_route126_v2/palettes/09.pal build/arauna-en/assets/data/tilesets/primary/arauna_border_route126_v2/palettes/09.pal.gbapal
tools/gbagfx/gbagfx data/tilesets/primary/arauna_border_route126_v2/palettes/10.pal build/arauna-en/assets/data/tilesets/primary/arauna_border_route126_v2/palettes/10.pal.gbapal
tools/gbagfx/gbagfx data/tilesets/primary/arauna_border_route126_v2/palettes/11.pal build/arauna-en/assets/data/tilesets/primary/arauna_border_route126_v2/palettes/11.pal.gbapal
tools/gbagfx/gbagfx data/tilesets/primary/arauna_border_route126_v2/palettes/12.pal build/arauna-en/assets/data/tilesets/primary/arauna_border_route126_v2/palettes/12.pal.gbapal
tools/gbagfx/gbagfx data/tilesets/primary/arauna_border_route126_v2/tiles.png build/arauna-en/assets/data/tilesets/primary/arauna_border_route126_v2/tiles.png.4bpp
tools/gbagfx/gbagfx data/tilesets/primary/arauna_border_route128_v2/palettes/01.pal build/arauna-en/assets/data/tilesets/primary/arauna_border_route128_v2/palettes/01.pal.gbapal
tools/gbagfx/gbagfx data/tilesets/primary/arauna_border_route128_v2/palettes/00.pal build/arauna-en/assets/data/tilesets/primary/arauna_border_route128_v2/palettes/00.pal.gbapal
tools/gbagfx/gbagfx data/tilesets/primary/arauna_border_route128_v2/palettes/02.pal build/arauna-en/assets/data/tilesets/primary/arauna_border_route128_v2/palettes/02.pal.gbapal
tools/gbagfx/gbagfx data/tilesets/primary/arauna_border_route128_v2/palettes/03.pal build/arauna-en/assets/data/tilesets/primary/arauna_border_route128_v2/palettes/03.pal.gbapal
tools/gbagfx/gbagfx data/tilesets/primary/arauna_border_route128_v2/palettes/04.pal build/arauna-en/assets/data/tilesets/primary/arauna_border_route128_v2/palettes/04.pal.gbapal
tools/gbagfx/gbagfx data/tilesets/primary/arauna_border_route128_v2/palettes/05.pal build/arauna-en/assets/data/tilesets/primary/arauna_border_route128_v2/palettes/05.pal.gbapal
tools/gbagfx/gbagfx data/tilesets/primary/arauna_border_route128_v2/palettes/06.pal build/arauna-en/assets/data/tilesets/primary/arauna_border_route128_v2/palettes/06.pal.gbapal
tools/gbagfx/gbagfx data/tilesets/primary/arauna_border_route128_v2/palettes/07.pal build/arauna-en/assets/data/tilesets/primary/arauna_border_route128_v2/palettes/07.pal.gbapal
tools/gbagfx/gbagfx data/tilesets/primary/arauna_border_route128_v2/palettes/08.pal build/arauna-en/assets/data/tilesets/primary/arauna_border_route128_v2/palettes/08.pal.gbapal
tools/gbagfx/gbagfx data/tilesets/primary/arauna_border_route128_v2/palettes/09.pal build/arauna-en/assets/data/tilesets/primary/arauna_border_route128_v2/palettes/09.pal.gbapal
tools/gbagfx/gbagfx data/tilesets/primary/arauna_border_route128_v2/palettes/10.pal build/arauna-en/assets/data/tilesets/primary/arauna_border_route128_v2/palettes/10.pal.gbapal
tools/gbagfx/gbagfx data/tilesets/primary/arauna_border_route128_v2/palettes/11.pal build/arauna-en/assets/data/tilesets/primary/arauna_border_route128_v2/palettes/11.pal.gbapal
tools/gbagfx/gbagfx data/tilesets/primary/arauna_border_route128_v2/palettes/12.pal build/arauna-en/assets/data/tilesets/primary/arauna_border_route128_v2/palettes/12.pal.gbapal
tools/gbagfx/gbagfx data/tilesets/primary/arauna_border_route128_v2/tiles.png build/arauna-en/assets/data/tilesets/primary/arauna_border_route128_v2/tiles.png.4bpp
tools/gbagfx/gbagfx data/tilesets/primary/arauna_border_slateport_city_v2/palettes/00.pal build/arauna-en/assets/data/tilesets/primary/arauna_border_slateport_city_v2/palettes/00.pal.gbapal
tools/gbagfx/gbagfx data/tilesets/primary/arauna_border_slateport_city_v2/palettes/01.pal build/arauna-en/assets/data/tilesets/primary/arauna_border_slateport_city_v2/palettes/01.pal.gbapal
tools/gbagfx/gbagfx data/tilesets/primary/arauna_border_slateport_city_v2/palettes/02.pal build/arauna-en/assets/data/tilesets/primary/arauna_border_slateport_city_v2/palettes/02.pal.gbapal
tools/gbagfx/gbagfx data/tilesets/primary/arauna_border_slateport_city_v2/palettes/03.pal build/arauna-en/assets/data/tilesets/primary/arauna_border_slateport_city_v2/palettes/03.pal.gbapal
tools/gbagfx/gbagfx data/tilesets/primary/arauna_border_slateport_city_v2/palettes/04.pal build/arauna-en/assets/data/tilesets/primary/arauna_border_slateport_city_v2/palettes/04.pal.gbapal
tools/gbagfx/gbagfx data/tilesets/primary/arauna_border_slateport_city_v2/palettes/05.pal build/arauna-en/assets/data/tilesets/primary/arauna_border_slateport_city_v2/palettes/05.pal.gbapal
tools/gbagfx/gbagfx data/tilesets/primary/arauna_border_slateport_city_v2/palettes/06.pal build/arauna-en/assets/data/tilesets/primary/arauna_border_slateport_city_v2/palettes/06.pal.gbapal
tools/gbagfx/gbagfx data/tilesets/primary/arauna_border_slateport_city_v2/palettes/07.pal build/arauna-en/assets/data/tilesets/primary/arauna_border_slateport_city_v2/palettes/07.pal.gbapal
tools/gbagfx/gbagfx data/tilesets/primary/arauna_border_slateport_city_v2/palettes/08.pal build/arauna-en/assets/data/tilesets/primary/arauna_border_slateport_city_v2/palettes/08.pal.gbapal
tools/gbagfx/gbagfx data/tilesets/primary/arauna_border_slateport_city_v2/palettes/09.pal build/arauna-en/assets/data/tilesets/primary/arauna_border_slateport_city_v2/palettes/09.pal.gbapal
tools/gbagfx/gbagfx data/tilesets/primary/arauna_border_slateport_city_v2/palettes/10.pal build/arauna-en/assets/data/tilesets/primary/arauna_border_slateport_city_v2/palettes/10.pal.gbapal
tools/gbagfx/gbagfx data/tilesets/primary/arauna_border_slateport_city_v2/palettes/11.pal build/arauna-en/assets/data/tilesets/primary/arauna_border_slateport_city_v2/palettes/11.pal.gbapal
tools/gbagfx/gbagfx data/tilesets/primary/arauna_border_slateport_city_v2/palettes/12.pal build/arauna-en/assets/data/tilesets/primary/arauna_border_slateport_city_v2/palettes/12.pal.gbapal
tools/gbagfx/gbagfx data/tilesets/primary/arauna_border_slateport_city_v2/tiles.png build/arauna-en/assets/data/tilesets/primary/arauna_border_slateport_city_v2/tiles.png.4bpp
tools/gbagfx/gbagfx data/tilesets/secondary/arauna_border_ever_grande_city_v2/palettes/01.pal build/arauna-en/assets/data/tilesets/secondary/arauna_border_ever_grande_city_v2/palettes/01.pal.gbapal
tools/gbagfx/gbagfx data/tilesets/secondary/arauna_border_ever_grande_city_v2/palettes/00.pal build/arauna-en/assets/data/tilesets/secondary/arauna_border_ever_grande_city_v2/palettes/00.pal.gbapal
tools/gbagfx/gbagfx data/tilesets/secondary/arauna_border_ever_grande_city_v2/palettes/02.pal build/arauna-en/assets/data/tilesets/secondary/arauna_border_ever_grande_city_v2/palettes/02.pal.gbapal
tools/gbagfx/gbagfx data/tilesets/secondary/arauna_border_ever_grande_city_v2/palettes/03.pal build/arauna-en/assets/data/tilesets/secondary/arauna_border_ever_grande_city_v2/palettes/03.pal.gbapal
tools/gbagfx/gbagfx data/tilesets/secondary/arauna_border_ever_grande_city_v2/palettes/04.pal build/arauna-en/assets/data/tilesets/secondary/arauna_border_ever_grande_city_v2/palettes/04.pal.gbapal
tools/gbagfx/gbagfx data/tilesets/secondary/arauna_border_ever_grande_city_v2/palettes/05.pal build/arauna-en/assets/data/tilesets/secondary/arauna_border_ever_grande_city_v2/palettes/05.pal.gbapal
tools/gbagfx/gbagfx data/tilesets/secondary/arauna_border_ever_grande_city_v2/palettes/06.pal build/arauna-en/assets/data/tilesets/secondary/arauna_border_ever_grande_city_v2/palettes/06.pal.gbapal
tools/gbagfx/gbagfx data/tilesets/secondary/arauna_border_ever_grande_city_v2/palettes/08.pal build/arauna-en/assets/data/tilesets/secondary/arauna_border_ever_grande_city_v2/palettes/08.pal.gbapal
tools/gbagfx/gbagfx data/tilesets/secondary/arauna_border_ever_grande_city_v2/palettes/07.pal build/arauna-en/assets/data/tilesets/secondary/arauna_border_ever_grande_city_v2/palettes/07.pal.gbapal
tools/gbagfx/gbagfx data/tilesets/secondary/arauna_border_ever_grande_city_v2/palettes/09.pal build/arauna-en/assets/data/tilesets/secondary/arauna_border_ever_grande_city_v2/palettes/09.pal.gbapal
tools/gbagfx/gbagfx data/tilesets/secondary/arauna_border_ever_grande_city_v2/palettes/10.pal build/arauna-en/assets/data/tilesets/secondary/arauna_border_ever_grande_city_v2/palettes/10.pal.gbapal
tools/gbagfx/gbagfx data/tilesets/secondary/arauna_border_ever_grande_city_v2/palettes/11.pal build/arauna-en/assets/data/tilesets/secondary/arauna_border_ever_grande_city_v2/palettes/11.pal.gbapal
tools/gbagfx/gbagfx data/tilesets/secondary/arauna_border_ever_grande_city_v2/palettes/12.pal build/arauna-en/assets/data/tilesets/secondary/arauna_border_ever_grande_city_v2/palettes/12.pal.gbapal
tools/gbagfx/gbagfx data/tilesets/secondary/arauna_border_ever_grande_city_v2/tiles.png build/arauna-en/assets/data/tilesets/secondary/arauna_border_ever_grande_city_v2/tiles.png.4bpp
tools/gbagfx/gbagfx data/tilesets/secondary/arauna_border_mauville_city_v2/palettes/00.pal build/arauna-en/assets/data/tilesets/secondary/arauna_border_mauville_city_v2/palettes/00.pal.gbapal
tools/gbagfx/gbagfx data/tilesets/secondary/arauna_border_mauville_city_v2/palettes/01.pal build/arauna-en/assets/data/tilesets/secondary/arauna_border_mauville_city_v2/palettes/01.pal.gbapal
tools/gbagfx/gbagfx data/tilesets/secondary/arauna_border_mauville_city_v2/palettes/02.pal build/arauna-en/assets/data/tilesets/secondary/arauna_border_mauville_city_v2/palettes/02.pal.gbapal
tools/gbagfx/gbagfx data/tilesets/secondary/arauna_border_mauville_city_v2/palettes/03.pal build/arauna-en/assets/data/tilesets/secondary/arauna_border_mauville_city_v2/palettes/03.pal.gbapal
tools/gbagfx/gbagfx data/tilesets/secondary/arauna_border_mauville_city_v2/palettes/04.pal build/arauna-en/assets/data/tilesets/secondary/arauna_border_mauville_city_v2/palettes/04.pal.gbapal
tools/gbagfx/gbagfx data/tilesets/secondary/arauna_border_mauville_city_v2/palettes/05.pal build/arauna-en/assets/data/tilesets/secondary/arauna_border_mauville_city_v2/palettes/05.pal.gbapal
tools/gbagfx/gbagfx data/tilesets/secondary/arauna_border_mauville_city_v2/palettes/06.pal build/arauna-en/assets/data/tilesets/secondary/arauna_border_mauville_city_v2/palettes/06.pal.gbapal
tools/gbagfx/gbagfx data/tilesets/secondary/arauna_border_mauville_city_v2/palettes/08.pal build/arauna-en/assets/data/tilesets/secondary/arauna_border_mauville_city_v2/palettes/08.pal.gbapal
tools/gbagfx/gbagfx data/tilesets/secondary/arauna_border_mauville_city_v2/palettes/09.pal build/arauna-en/assets/data/tilesets/secondary/arauna_border_mauville_city_v2/palettes/09.pal.gbapal
tools/gbagfx/gbagfx data/tilesets/secondary/arauna_border_mauville_city_v2/palettes/07.pal build/arauna-en/assets/data/tilesets/secondary/arauna_border_mauville_city_v2/palettes/07.pal.gbapal
tools/gbagfx/gbagfx data/tilesets/secondary/arauna_border_mauville_city_v2/palettes/10.pal build/arauna-en/assets/data/tilesets/secondary/arauna_border_mauville_city_v2/palettes/10.pal.gbapal
tools/gbagfx/gbagfx data/tilesets/secondary/arauna_border_mauville_city_v2/palettes/11.pal build/arauna-en/assets/data/tilesets/secondary/arauna_border_mauville_city_v2/palettes/11.pal.gbapal
tools/gbagfx/gbagfx data/tilesets/secondary/arauna_border_mauville_city_v2/palettes/12.pal build/arauna-en/assets/data/tilesets/secondary/arauna_border_mauville_city_v2/palettes/12.pal.gbapal
tools/gbagfx/gbagfx data/tilesets/secondary/arauna_border_mauville_city_v2/tiles.png build/arauna-en/assets/data/tilesets/secondary/arauna_border_mauville_city_v2/tiles.png.4bpp
tools/gbagfx/gbagfx data/tilesets/secondary/arauna_border_route103_v2/palettes/00.pal build/arauna-en/assets/data/tilesets/secondary/arauna_border_route103_v2/palettes/00.pal.gbapal
tools/gbagfx/gbagfx data/tilesets/secondary/arauna_border_route103_v2/palettes/01.pal build/arauna-en/assets/data/tilesets/secondary/arauna_border_route103_v2/palettes/01.pal.gbapal
tools/gbagfx/gbagfx data/tilesets/secondary/arauna_border_route103_v2/palettes/02.pal build/arauna-en/assets/data/tilesets/secondary/arauna_border_route103_v2/palettes/02.pal.gbapal
tools/gbagfx/gbagfx data/tilesets/secondary/arauna_border_route103_v2/palettes/03.pal build/arauna-en/assets/data/tilesets/secondary/arauna_border_route103_v2/palettes/03.pal.gbapal
tools/gbagfx/gbagfx data/tilesets/secondary/arauna_border_route103_v2/palettes/04.pal build/arauna-en/assets/data/tilesets/secondary/arauna_border_route103_v2/palettes/04.pal.gbapal
tools/gbagfx/gbagfx data/tilesets/secondary/arauna_border_route103_v2/palettes/05.pal build/arauna-en/assets/data/tilesets/secondary/arauna_border_route103_v2/palettes/05.pal.gbapal
tools/gbagfx/gbagfx data/tilesets/secondary/arauna_border_route103_v2/palettes/06.pal build/arauna-en/assets/data/tilesets/secondary/arauna_border_route103_v2/palettes/06.pal.gbapal
tools/gbagfx/gbagfx data/tilesets/secondary/arauna_border_route103_v2/palettes/07.pal build/arauna-en/assets/data/tilesets/secondary/arauna_border_route103_v2/palettes/07.pal.gbapal
tools/gbagfx/gbagfx data/tilesets/secondary/arauna_border_route103_v2/palettes/09.pal build/arauna-en/assets/data/tilesets/secondary/arauna_border_route103_v2/palettes/09.pal.gbapal
tools/gbagfx/gbagfx data/tilesets/secondary/arauna_border_route103_v2/palettes/10.pal build/arauna-en/assets/data/tilesets/secondary/arauna_border_route103_v2/palettes/10.pal.gbapal
tools/gbagfx/gbagfx data/tilesets/secondary/arauna_border_route103_v2/palettes/11.pal build/arauna-en/assets/data/tilesets/secondary/arauna_border_route103_v2/palettes/11.pal.gbapal
tools/gbagfx/gbagfx data/tilesets/secondary/arauna_border_route103_v2/tiles.png build/arauna-en/assets/data/tilesets/secondary/arauna_border_route103_v2/tiles.png.4bpp
tools/gbagfx/gbagfx data/tilesets/secondary/arauna_border_route103_v2/palettes/12.pal build/arauna-en/assets/data/tilesets/secondary/arauna_border_route103_v2/palettes/12.pal.gbapal
tools/gbagfx/gbagfx data/tilesets/secondary/arauna_border_route110_v2/palettes/00.pal build/arauna-en/assets/data/tilesets/secondary/arauna_border_route110_v2/palettes/00.pal.gbapal
tools/gbagfx/gbagfx data/tilesets/secondary/arauna_border_route103_v2/palettes/08.pal build/arauna-en/assets/data/tilesets/secondary/arauna_border_route103_v2/palettes/08.pal.gbapal
tools/gbagfx/gbagfx data/tilesets/secondary/arauna_border_route110_v2/palettes/01.pal build/arauna-en/assets/data/tilesets/secondary/arauna_border_route110_v2/palettes/01.pal.gbapal
tools/gbagfx/gbagfx data/tilesets/secondary/arauna_border_route110_v2/palettes/02.pal build/arauna-en/assets/data/tilesets/secondary/arauna_border_route110_v2/palettes/02.pal.gbapal
tools/gbagfx/gbagfx data/tilesets/secondary/arauna_border_route110_v2/palettes/03.pal build/arauna-en/assets/data/tilesets/secondary/arauna_border_route110_v2/palettes/03.pal.gbapal
tools/gbagfx/gbagfx data/tilesets/secondary/arauna_border_route110_v2/palettes/04.pal build/arauna-en/assets/data/tilesets/secondary/arauna_border_route110_v2/palettes/04.pal.gbapal
tools/gbagfx/gbagfx data/tilesets/secondary/arauna_border_route110_v2/palettes/05.pal build/arauna-en/assets/data/tilesets/secondary/arauna_border_route110_v2/palettes/05.pal.gbapal
tools/gbagfx/gbagfx data/tilesets/secondary/arauna_border_route110_v2/palettes/06.pal build/arauna-en/assets/data/tilesets/secondary/arauna_border_route110_v2/palettes/06.pal.gbapal
tools/gbagfx/gbagfx data/tilesets/secondary/arauna_border_route110_v2/palettes/07.pal build/arauna-en/assets/data/tilesets/secondary/arauna_border_route110_v2/palettes/07.pal.gbapal
tools/gbagfx/gbagfx data/tilesets/secondary/arauna_border_route110_v2/palettes/08.pal build/arauna-en/assets/data/tilesets/secondary/arauna_border_route110_v2/palettes/08.pal.gbapal
tools/gbagfx/gbagfx data/tilesets/secondary/arauna_border_route110_v2/palettes/09.pal build/arauna-en/assets/data/tilesets/secondary/arauna_border_route110_v2/palettes/09.pal.gbapal
tools/gbagfx/gbagfx data/tilesets/secondary/arauna_border_route110_v2/palettes/10.pal build/arauna-en/assets/data/tilesets/secondary/arauna_border_route110_v2/palettes/10.pal.gbapal
tools/gbagfx/gbagfx data/tilesets/secondary/arauna_border_route110_v2/palettes/11.pal build/arauna-en/assets/data/tilesets/secondary/arauna_border_route110_v2/palettes/11.pal.gbapal
tools/gbagfx/gbagfx data/tilesets/secondary/arauna_border_route110_v2/palettes/12.pal build/arauna-en/assets/data/tilesets/secondary/arauna_border_route110_v2/palettes/12.pal.gbapal
tools/gbagfx/gbagfx data/tilesets/secondary/arauna_border_route110_v2/tiles.png build/arauna-en/assets/data/tilesets/secondary/arauna_border_route110_v2/tiles.png.4bpp
tools/gbagfx/gbagfx data/tilesets/secondary/arauna_border_route124_v2/palettes/00.pal build/arauna-en/assets/data/tilesets/secondary/arauna_border_route124_v2/palettes/00.pal.gbapal
tools/gbagfx/gbagfx data/tilesets/secondary/arauna_border_route124_v2/palettes/01.pal build/arauna-en/assets/data/tilesets/secondary/arauna_border_route124_v2/palettes/01.pal.gbapal
tools/gbagfx/gbagfx data/tilesets/secondary/arauna_border_route124_v2/palettes/02.pal build/arauna-en/assets/data/tilesets/secondary/arauna_border_route124_v2/palettes/02.pal.gbapal
tools/gbagfx/gbagfx data/tilesets/secondary/arauna_border_route124_v2/palettes/03.pal build/arauna-en/assets/data/tilesets/secondary/arauna_border_route124_v2/palettes/03.pal.gbapal
tools/gbagfx/gbagfx data/tilesets/secondary/arauna_border_route124_v2/palettes/04.pal build/arauna-en/assets/data/tilesets/secondary/arauna_border_route124_v2/palettes/04.pal.gbapal
tools/gbagfx/gbagfx data/tilesets/secondary/arauna_border_route124_v2/palettes/05.pal build/arauna-en/assets/data/tilesets/secondary/arauna_border_route124_v2/palettes/05.pal.gbapal
tools/gbagfx/gbagfx data/tilesets/secondary/arauna_border_route124_v2/palettes/06.pal build/arauna-en/assets/data/tilesets/secondary/arauna_border_route124_v2/palettes/06.pal.gbapal
tools/gbagfx/gbagfx data/tilesets/secondary/arauna_border_route124_v2/palettes/07.pal build/arauna-en/assets/data/tilesets/secondary/arauna_border_route124_v2/palettes/07.pal.gbapal
tools/gbagfx/gbagfx data/tilesets/secondary/arauna_border_route124_v2/palettes/08.pal build/arauna-en/assets/data/tilesets/secondary/arauna_border_route124_v2/palettes/08.pal.gbapal
tools/gbagfx/gbagfx data/tilesets/secondary/arauna_border_route124_v2/palettes/09.pal build/arauna-en/assets/data/tilesets/secondary/arauna_border_route124_v2/palettes/09.pal.gbapal
tools/gbagfx/gbagfx data/tilesets/secondary/arauna_border_route124_v2/palettes/10.pal build/arauna-en/assets/data/tilesets/secondary/arauna_border_route124_v2/palettes/10.pal.gbapal
tools/gbagfx/gbagfx data/tilesets/secondary/arauna_border_route124_v2/palettes/11.pal build/arauna-en/assets/data/tilesets/secondary/arauna_border_route124_v2/palettes/11.pal.gbapal
tools/gbagfx/gbagfx data/tilesets/secondary/arauna_border_route124_v2/palettes/12.pal build/arauna-en/assets/data/tilesets/secondary/arauna_border_route124_v2/palettes/12.pal.gbapal
tools/gbagfx/gbagfx data/tilesets/secondary/arauna_border_route124_v2/tiles.png build/arauna-en/assets/data/tilesets/secondary/arauna_border_route124_v2/tiles.png.4bpp
tools/gbagfx/gbagfx data/tilesets/secondary/arauna_border_route126_v2/palettes/00.pal build/arauna-en/assets/data/tilesets/secondary/arauna_border_route126_v2/palettes/00.pal.gbapal
tools/gbagfx/gbagfx data/tilesets/secondary/arauna_border_route126_v2/palettes/01.pal build/arauna-en/assets/data/tilesets/secondary/arauna_border_route126_v2/palettes/01.pal.gbapal
tools/gbagfx/gbagfx data/tilesets/secondary/arauna_border_route126_v2/palettes/03.pal build/arauna-en/assets/data/tilesets/secondary/arauna_border_route126_v2/palettes/03.pal.gbapal
tools/gbagfx/gbagfx data/tilesets/secondary/arauna_border_route126_v2/palettes/02.pal build/arauna-en/assets/data/tilesets/secondary/arauna_border_route126_v2/palettes/02.pal.gbapal
tools/gbagfx/gbagfx data/tilesets/secondary/arauna_border_route126_v2/palettes/04.pal build/arauna-en/assets/data/tilesets/secondary/arauna_border_route126_v2/palettes/04.pal.gbapal
tools/gbagfx/gbagfx data/tilesets/secondary/arauna_border_route126_v2/palettes/05.pal build/arauna-en/assets/data/tilesets/secondary/arauna_border_route126_v2/palettes/05.pal.gbapal
tools/gbagfx/gbagfx data/tilesets/secondary/arauna_border_route126_v2/palettes/06.pal build/arauna-en/assets/data/tilesets/secondary/arauna_border_route126_v2/palettes/06.pal.gbapal
tools/gbagfx/gbagfx data/tilesets/secondary/arauna_border_route126_v2/palettes/08.pal build/arauna-en/assets/data/tilesets/secondary/arauna_border_route126_v2/palettes/08.pal.gbapal
tools/gbagfx/gbagfx data/tilesets/secondary/arauna_border_route126_v2/palettes/07.pal build/arauna-en/assets/data/tilesets/secondary/arauna_border_route126_v2/palettes/07.pal.gbapal
tools/gbagfx/gbagfx data/tilesets/secondary/arauna_border_route126_v2/palettes/09.pal build/arauna-en/assets/data/tilesets/secondary/arauna_border_route126_v2/palettes/09.pal.gbapal
tools/gbagfx/gbagfx data/tilesets/secondary/arauna_border_route126_v2/palettes/10.pal build/arauna-en/assets/data/tilesets/secondary/arauna_border_route126_v2/palettes/10.pal.gbapal
tools/gbagfx/gbagfx data/tilesets/secondary/arauna_border_route126_v2/palettes/11.pal build/arauna-en/assets/data/tilesets/secondary/arauna_border_route126_v2/palettes/11.pal.gbapal
tools/gbagfx/gbagfx data/tilesets/secondary/arauna_border_route126_v2/palettes/12.pal build/arauna-en/assets/data/tilesets/secondary/arauna_border_route126_v2/palettes/12.pal.gbapal
tools/gbagfx/gbagfx data/tilesets/secondary/arauna_border_route126_v2/tiles.png build/arauna-en/assets/data/tilesets/secondary/arauna_border_route126_v2/tiles.png.4bpp
tools/gbagfx/gbagfx data/tilesets/secondary/arauna_border_route128_v2/palettes/00.pal build/arauna-en/assets/data/tilesets/secondary/arauna_border_route128_v2/palettes/00.pal.gbapal
tools/gbagfx/gbagfx data/tilesets/secondary/arauna_border_route128_v2/palettes/01.pal build/arauna-en/assets/data/tilesets/secondary/arauna_border_route128_v2/palettes/01.pal.gbapal
tools/gbagfx/gbagfx data/tilesets/secondary/arauna_border_route128_v2/palettes/02.pal build/arauna-en/assets/data/tilesets/secondary/arauna_border_route128_v2/palettes/02.pal.gbapal
tools/gbagfx/gbagfx data/tilesets/secondary/arauna_border_route128_v2/palettes/03.pal build/arauna-en/assets/data/tilesets/secondary/arauna_border_route128_v2/palettes/03.pal.gbapal
tools/gbagfx/gbagfx data/tilesets/secondary/arauna_border_route128_v2/palettes/04.pal build/arauna-en/assets/data/tilesets/secondary/arauna_border_route128_v2/palettes/04.pal.gbapal
tools/gbagfx/gbagfx data/tilesets/secondary/arauna_border_route128_v2/palettes/05.pal build/arauna-en/assets/data/tilesets/secondary/arauna_border_route128_v2/palettes/05.pal.gbapal
tools/gbagfx/gbagfx data/tilesets/secondary/arauna_border_route128_v2/palettes/06.pal build/arauna-en/assets/data/tilesets/secondary/arauna_border_route128_v2/palettes/06.pal.gbapal
tools/gbagfx/gbagfx data/tilesets/secondary/arauna_border_route128_v2/palettes/07.pal build/arauna-en/assets/data/tilesets/secondary/arauna_border_route128_v2/palettes/07.pal.gbapal
tools/gbagfx/gbagfx data/tilesets/secondary/arauna_border_route128_v2/palettes/08.pal build/arauna-en/assets/data/tilesets/secondary/arauna_border_route128_v2/palettes/08.pal.gbapal
tools/gbagfx/gbagfx data/tilesets/secondary/arauna_border_route128_v2/palettes/09.pal build/arauna-en/assets/data/tilesets/secondary/arauna_border_route128_v2/palettes/09.pal.gbapal
tools/gbagfx/gbagfx data/tilesets/secondary/arauna_border_route128_v2/palettes/10.pal build/arauna-en/assets/data/tilesets/secondary/arauna_border_route128_v2/palettes/10.pal.gbapal
tools/gbagfx/gbagfx data/tilesets/secondary/arauna_border_route128_v2/palettes/11.pal build/arauna-en/assets/data/tilesets/secondary/arauna_border_route128_v2/palettes/11.pal.gbapal
tools/gbagfx/gbagfx data/tilesets/secondary/arauna_border_route128_v2/palettes/12.pal build/arauna-en/assets/data/tilesets/secondary/arauna_border_route128_v2/palettes/12.pal.gbapal
tools/gbagfx/gbagfx data/tilesets/secondary/arauna_border_route128_v2/tiles.png build/arauna-en/assets/data/tilesets/secondary/arauna_border_route128_v2/tiles.png.4bpp
tools/gbagfx/gbagfx data/tilesets/secondary/arauna_border_slateport_city_v2/palettes/00.pal build/arauna-en/assets/data/tilesets/secondary/arauna_border_slateport_city_v2/palettes/00.pal.gbapal
tools/gbagfx/gbagfx data/tilesets/secondary/arauna_border_slateport_city_v2/palettes/02.pal build/arauna-en/assets/data/tilesets/secondary/arauna_border_slateport_city_v2/palettes/02.pal.gbapal
tools/gbagfx/gbagfx data/tilesets/secondary/arauna_border_slateport_city_v2/palettes/01.pal build/arauna-en/assets/data/tilesets/secondary/arauna_border_slateport_city_v2/palettes/01.pal.gbapal
tools/gbagfx/gbagfx data/tilesets/secondary/arauna_border_slateport_city_v2/palettes/03.pal build/arauna-en/assets/data/tilesets/secondary/arauna_border_slateport_city_v2/palettes/03.pal.gbapal
tools/gbagfx/gbagfx data/tilesets/secondary/arauna_border_slateport_city_v2/palettes/04.pal build/arauna-en/assets/data/tilesets/secondary/arauna_border_slateport_city_v2/palettes/04.pal.gbapal
tools/gbagfx/gbagfx data/tilesets/secondary/arauna_border_slateport_city_v2/palettes/05.pal build/arauna-en/assets/data/tilesets/secondary/arauna_border_slateport_city_v2/palettes/05.pal.gbapal
tools/gbagfx/gbagfx data/tilesets/secondary/arauna_border_slateport_city_v2/palettes/06.pal build/arauna-en/assets/data/tilesets/secondary/arauna_border_slateport_city_v2/palettes/06.pal.gbapal
tools/gbagfx/gbagfx data/tilesets/secondary/arauna_border_slateport_city_v2/palettes/07.pal build/arauna-en/assets/data/tilesets/secondary/arauna_border_slateport_city_v2/palettes/07.pal.gbapal
tools/gbagfx/gbagfx data/tilesets/secondary/arauna_border_slateport_city_v2/palettes/08.pal build/arauna-en/assets/data/tilesets/secondary/arauna_border_slateport_city_v2/palettes/08.pal.gbapal
tools/gbagfx/gbagfx data/tilesets/secondary/arauna_border_slateport_city_v2/palettes/09.pal build/arauna-en/assets/data/tilesets/secondary/arauna_border_slateport_city_v2/palettes/09.pal.gbapal
tools/gbagfx/gbagfx data/tilesets/secondary/arauna_border_slateport_city_v2/palettes/10.pal build/arauna-en/assets/data/tilesets/secondary/arauna_border_slateport_city_v2/palettes/10.pal.gbapal
tools/gbagfx/gbagfx data/tilesets/secondary/arauna_border_slateport_city_v2/palettes/11.pal build/arauna-en/assets/data/tilesets/secondary/arauna_border_slateport_city_v2/palettes/11.pal.gbapal
tools/gbagfx/gbagfx data/tilesets/secondary/arauna_border_slateport_city_v2/palettes/12.pal build/arauna-en/assets/data/tilesets/secondary/arauna_border_slateport_city_v2/palettes/12.pal.gbapal
tools/gbagfx/gbagfx data/tilesets/secondary/arauna_border_slateport_city_v2/tiles.png build/arauna-en/assets/data/tilesets/secondary/arauna_border_slateport_city_v2/tiles.png.4bpp
tools/gbagfx/gbagfx data/tilesets/secondary/arauna_grutas_seafloor_correntes_v1/palettes/00.pal build/arauna-en/assets/data/tilesets/secondary/arauna_grutas_seafloor_correntes_v1/palettes/00.pal.gbapal
tools/gbagfx/gbagfx data/tilesets/secondary/arauna_grutas_seafloor_correntes_v1/palettes/01.pal build/arauna-en/assets/data/tilesets/secondary/arauna_grutas_seafloor_correntes_v1/palettes/01.pal.gbapal
tools/gbagfx/gbagfx data/tilesets/secondary/arauna_grutas_seafloor_correntes_v1/palettes/02.pal build/arauna-en/assets/data/tilesets/secondary/arauna_grutas_seafloor_correntes_v1/palettes/02.pal.gbapal
tools/gbagfx/gbagfx data/tilesets/secondary/arauna_grutas_seafloor_correntes_v1/palettes/03.pal build/arauna-en/assets/data/tilesets/secondary/arauna_grutas_seafloor_correntes_v1/palettes/03.pal.gbapal
tools/gbagfx/gbagfx data/tilesets/secondary/arauna_grutas_seafloor_correntes_v1/palettes/04.pal build/arauna-en/assets/data/tilesets/secondary/arauna_grutas_seafloor_correntes_v1/palettes/04.pal.gbapal
tools/gbagfx/gbagfx data/tilesets/secondary/arauna_grutas_seafloor_correntes_v1/palettes/05.pal build/arauna-en/assets/data/tilesets/secondary/arauna_grutas_seafloor_correntes_v1/palettes/05.pal.gbapal
tools/gbagfx/gbagfx data/tilesets/secondary/arauna_grutas_seafloor_correntes_v1/palettes/06.pal build/arauna-en/assets/data/tilesets/secondary/arauna_grutas_seafloor_correntes_v1/palettes/06.pal.gbapal
tools/gbagfx/gbagfx data/tilesets/secondary/arauna_grutas_seafloor_correntes_v1/palettes/07.pal build/arauna-en/assets/data/tilesets/secondary/arauna_grutas_seafloor_correntes_v1/palettes/07.pal.gbapal
src/pokemon.c: In function 'SetBoxMonData':
src/pokemon.c:3031:48: warning: writing 1 byte into a region of size 0 [-Wstringop-overflow=]
 3031 |         SET8(substruct1->pp[field - MON_DATA_PP1]);
      |         ~~~~~~~~~~~~~~~~~~~~~~~~~~~~~~~~~~~~~~~^~~~
In file included from include/global.h:582,
                 from src/pokemon.c:1:
include/pokemon.h:112:8: note: at offset [-2147483648, -7] into destination object 'pp' of size 4
  112 |     u8 pp[MAX_MON_MOVES];
      |        ^~
tools/gbagfx/gbagfx data/tilesets/secondary/arauna_grutas_seafloor_correntes_v1/palettes/08.pal build/arauna-en/assets/data/tilesets/secondary/arauna_grutas_seafloor_correntes_v1/palettes/08.pal.gbapal
tools/gbagfx/gbagfx data/tilesets/secondary/arauna_grutas_seafloor_correntes_v1/palettes/09.pal build/arauna-en/assets/data/tilesets/secondary/arauna_grutas_seafloor_correntes_v1/palettes/09.pal.gbapal
tools/gbagfx/gbagfx data/tilesets/secondary/arauna_grutas_seafloor_correntes_v1/palettes/10.pal build/arauna-en/assets/data/tilesets/secondary/arauna_grutas_seafloor_correntes_v1/palettes/10.pal.gbapal
tools/gbagfx/gbagfx data/tilesets/secondary/arauna_grutas_seafloor_correntes_v1/palettes/11.pal build/arauna-en/assets/data/tilesets/secondary/arauna_grutas_seafloor_correntes_v1/palettes/11.pal.gbapal
tools/gbagfx/gbagfx data/tilesets/secondary/arauna_grutas_seafloor_correntes_v1/palettes/12.pal build/arauna-en/assets/data/tilesets/secondary/arauna_grutas_seafloor_correntes_v1/palettes/12.pal.gbapal
tools/gbagfx/gbagfx data/tilesets/secondary/arauna_grutas_seafloor_correntes_v1/tiles.png build/arauna-en/assets/data/tilesets/secondary/arauna_grutas_seafloor_correntes_v1/tiles.png.4bpp
tools/gbagfx/gbagfx data/tilesets/secondary/arauna_grutas_seafloor_rocha_v1/palettes/00.pal build/arauna-en/assets/data/tilesets/secondary/arauna_grutas_seafloor_rocha_v1/palettes/00.pal.gbapal
tools/gbagfx/gbagfx data/tilesets/secondary/arauna_grutas_seafloor_rocha_v1/palettes/01.pal build/arauna-en/assets/data/tilesets/secondary/arauna_grutas_seafloor_rocha_v1/palettes/01.pal.gbapal
tools/gbagfx/gbagfx data/tilesets/secondary/arauna_grutas_seafloor_rocha_v1/palettes/02.pal build/arauna-en/assets/data/tilesets/secondary/arauna_grutas_seafloor_rocha_v1/palettes/02.pal.gbapal
tools/gbagfx/gbagfx data/tilesets/secondary/arauna_grutas_seafloor_rocha_v1/palettes/03.pal build/arauna-en/assets/data/tilesets/secondary/arauna_grutas_seafloor_rocha_v1/palettes/03.pal.gbapal
tools/gbagfx/gbagfx data/tilesets/secondary/arauna_grutas_seafloor_rocha_v1/palettes/04.pal build/arauna-en/assets/data/tilesets/secondary/arauna_grutas_seafloor_rocha_v1/palettes/04.pal.gbapal
tools/gbagfx/gbagfx data/tilesets/secondary/arauna_grutas_seafloor_rocha_v1/palettes/05.pal build/arauna-en/assets/data/tilesets/secondary/arauna_grutas_seafloor_rocha_v1/palettes/05.pal.gbapal
tools/gbagfx/gbagfx data/tilesets/secondary/arauna_grutas_seafloor_rocha_v1/palettes/06.pal build/arauna-en/assets/data/tilesets/secondary/arauna_grutas_seafloor_rocha_v1/palettes/06.pal.gbapal
tools/gbagfx/gbagfx data/tilesets/secondary/arauna_grutas_seafloor_rocha_v1/palettes/07.pal build/arauna-en/assets/data/tilesets/secondary/arauna_grutas_seafloor_rocha_v1/palettes/07.pal.gbapal
tools/gbagfx/gbagfx data/tilesets/secondary/arauna_grutas_seafloor_rocha_v1/palettes/08.pal build/arauna-en/assets/data/tilesets/secondary/arauna_grutas_seafloor_rocha_v1/palettes/08.pal.gbapal
tools/gbagfx/gbagfx data/tilesets/secondary/arauna_grutas_seafloor_rocha_v1/palettes/09.pal build/arauna-en/assets/data/tilesets/secondary/arauna_grutas_seafloor_rocha_v1/palettes/09.pal.gbapal
tools/gbagfx/gbagfx data/tilesets/secondary/arauna_grutas_seafloor_rocha_v1/palettes/10.pal build/arauna-en/assets/data/tilesets/secondary/arauna_grutas_seafloor_rocha_v1/palettes/10.pal.gbapal
tools/gbagfx/gbagfx data/tilesets/secondary/arauna_grutas_seafloor_rocha_v1/palettes/11.pal build/arauna-en/assets/data/tilesets/secondary/arauna_grutas_seafloor_rocha_v1/palettes/11.pal.gbapal
tools/gbagfx/gbagfx data/tilesets/secondary/arauna_grutas_seafloor_rocha_v1/palettes/12.pal build/arauna-en/assets/data/tilesets/secondary/arauna_grutas_seafloor_rocha_v1/palettes/12.pal.gbapal
tools/gbagfx/gbagfx data/tilesets/secondary/arauna_grutas_seafloor_rocha_v1/tiles.png build/arauna-en/assets/data/tilesets/secondary/arauna_grutas_seafloor_rocha_v1/tiles.png.4bpp
tools/gbagfx/gbagfx data/tilesets/secondary/arauna_grutas_victory_rocha_v1/palettes/00.pal build/arauna-en/assets/data/tilesets/secondary/arauna_grutas_victory_rocha_v1/palettes/00.pal.gbapal
tools/gbagfx/gbagfx data/tilesets/secondary/arauna_grutas_victory_rocha_v1/palettes/01.pal build/arauna-en/assets/data/tilesets/secondary/arauna_grutas_victory_rocha_v1/palettes/01.pal.gbapal
tools/gbagfx/gbagfx data/tilesets/secondary/arauna_grutas_victory_rocha_v1/palettes/02.pal build/arauna-en/assets/data/tilesets/secondary/arauna_grutas_victory_rocha_v1/palettes/02.pal.gbapal
tools/gbagfx/gbagfx data/tilesets/secondary/arauna_grutas_victory_rocha_v1/palettes/03.pal build/arauna-en/assets/data/tilesets/secondary/arauna_grutas_victory_rocha_v1/palettes/03.pal.gbapal
tools/gbagfx/gbagfx data/tilesets/secondary/arauna_grutas_victory_rocha_v1/palettes/04.pal build/arauna-en/assets/data/tilesets/secondary/arauna_grutas_victory_rocha_v1/palettes/04.pal.gbapal
tools/gbagfx/gbagfx data/tilesets/secondary/arauna_grutas_victory_rocha_v1/palettes/05.pal build/arauna-en/assets/data/tilesets/secondary/arauna_grutas_victory_rocha_v1/palettes/05.pal.gbapal
tools/gbagfx/gbagfx data/tilesets/secondary/arauna_grutas_victory_rocha_v1/palettes/06.pal build/arauna-en/assets/data/tilesets/secondary/arauna_grutas_victory_rocha_v1/palettes/06.pal.gbapal
tools/gbagfx/gbagfx data/tilesets/secondary/arauna_grutas_victory_rocha_v1/palettes/07.pal build/arauna-en/assets/data/tilesets/secondary/arauna_grutas_victory_rocha_v1/palettes/07.pal.gbapal
tools/gbagfx/gbagfx data/tilesets/secondary/arauna_grutas_victory_rocha_v1/palettes/08.pal build/arauna-en/assets/data/tilesets/secondary/arauna_grutas_victory_rocha_v1/palettes/08.pal.gbapal
tools/gbagfx/gbagfx data/tilesets/secondary/arauna_grutas_victory_rocha_v1/palettes/09.pal build/arauna-en/assets/data/tilesets/secondary/arauna_grutas_victory_rocha_v1/palettes/09.pal.gbapal
tools/gbagfx/gbagfx data/tilesets/secondary/arauna_grutas_victory_rocha_v1/palettes/10.pal build/arauna-en/assets/data/tilesets/secondary/arauna_grutas_victory_rocha_v1/palettes/10.pal.gbapal
tools/gbagfx/gbagfx data/tilesets/secondary/arauna_grutas_victory_rocha_v1/palettes/11.pal build/arauna-en/assets/data/tilesets/secondary/arauna_grutas_victory_rocha_v1/palettes/11.pal.gbapal
tools/gbagfx/gbagfx data/tilesets/secondary/arauna_grutas_victory_rocha_v1/palettes/12.pal build/arauna-en/assets/data/tilesets/secondary/arauna_grutas_victory_rocha_v1/palettes/12.pal.gbapal
tools/gbagfx/gbagfx data/tilesets/secondary/arauna_grutas_victory_rocha_v1/tiles.png build/arauna-en/assets/data/tilesets/secondary/arauna_grutas_victory_rocha_v1/tiles.png.4bpp
tools/gbagfx/gbagfx data/tilesets/secondary/arauna_rota_tecnica_v1/palettes/01.pal build/arauna-en/assets/data/tilesets/secondary/arauna_rota_tecnica_v1/palettes/01.pal.gbapal
tools/gbagfx/gbagfx data/tilesets/secondary/arauna_rota_tecnica_v1/palettes/00.pal build/arauna-en/assets/data/tilesets/secondary/arauna_rota_tecnica_v1/palettes/00.pal.gbapal
tools/gbagfx/gbagfx data/tilesets/secondary/arauna_rota_tecnica_v1/palettes/02.pal build/arauna-en/assets/data/tilesets/secondary/arauna_rota_tecnica_v1/palettes/02.pal.gbapal
tools/gbagfx/gbagfx data/tilesets/secondary/arauna_rota_tecnica_v1/palettes/03.pal build/arauna-en/assets/data/tilesets/secondary/arauna_rota_tecnica_v1/palettes/03.pal.gbapal
tools/gbagfx/gbagfx data/tilesets/secondary/arauna_rota_tecnica_v1/palettes/04.pal build/arauna-en/assets/data/tilesets/secondary/arauna_rota_tecnica_v1/palettes/04.pal.gbapal
tools/gbagfx/gbagfx data/tilesets/secondary/arauna_rota_tecnica_v1/palettes/05.pal build/arauna-en/assets/data/tilesets/secondary/arauna_rota_tecnica_v1/palettes/05.pal.gbapal
tools/gbagfx/gbagfx data/tilesets/secondary/arauna_rota_tecnica_v1/palettes/06.pal build/arauna-en/assets/data/tilesets/secondary/arauna_rota_tecnica_v1/palettes/06.pal.gbapal
tools/gbagfx/gbagfx data/tilesets/secondary/arauna_rota_tecnica_v1/palettes/08.pal build/arauna-en/assets/data/tilesets/secondary/arauna_rota_tecnica_v1/palettes/08.pal.gbapal
tools/gbagfx/gbagfx data/tilesets/secondary/arauna_rota_tecnica_v1/palettes/09.pal build/arauna-en/assets/data/tilesets/secondary/arauna_rota_tecnica_v1/palettes/09.pal.gbapal
tools/gbagfx/gbagfx data/tilesets/secondary/arauna_rota_tecnica_v1/palettes/07.pal build/arauna-en/assets/data/tilesets/secondary/arauna_rota_tecnica_v1/palettes/07.pal.gbapal
tools/gbagfx/gbagfx data/tilesets/secondary/arauna_rota_tecnica_v1/palettes/10.pal build/arauna-en/assets/data/tilesets/secondary/arauna_rota_tecnica_v1/palettes/10.pal.gbapal
tools/gbagfx/gbagfx data/tilesets/secondary/arauna_rota_tecnica_v1/palettes/11.pal build/arauna-en/assets/data/tilesets/secondary/arauna_rota_tecnica_v1/palettes/11.pal.gbapal
tools/gbagfx/gbagfx data/tilesets/secondary/arauna_rota_tecnica_v1/palettes/12.pal build/arauna-en/assets/data/tilesets/secondary/arauna_rota_tecnica_v1/palettes/12.pal.gbapal
tools/gbagfx/gbagfx data/tilesets/secondary/arauna_rota_tecnica_v1/tiles.png build/arauna-en/assets/data/tilesets/secondary/arauna_rota_tecnica_v1/tiles.png.4bpp
/workspace/scratch/d023984cb14b/deps/root/usr/bin/../lib/gcc/arm-none-eabi/13.2.1/cc1 -quiet <flags> -o build/arauna-en/modern/src/trade.o src/trade.c
/workspace/scratch/d023984cb14b/deps/root/usr/bin/../lib/gcc/arm-none-eabi/13.2.1/cc1 -quiet <flags> -o build/arauna-en/modern/src/trainer_hill.o src/trainer_hill.c
/workspace/scratch/d023984cb14b/deps/root/usr/bin/../lib/gcc/arm-none-eabi/13.2.1/cc1 -quiet <flags> -o build/arauna-en/modern/src/tv.o src/tv.c
/workspace/scratch/d023984cb14b/deps/root/usr/bin/../lib/gcc/arm-none-eabi/13.2.1/cc1 -quiet <flags> -o build/arauna-en/modern/src/wild_encounter.o src/wild_encounter.c
tools/preproc/preproc data/event_scripts.s charmap.txt | arm-none-eabi-cpp -I include - | tools/preproc/preproc -ie data/event_scripts.s charmap.txt | arm-none-eabi-as -mcpu=arm7tdmi --defsym MODERN=1 -o build/arauna-en/modern/data/event_scripts.o
tools/preproc/preproc data/maps.s charmap.txt | arm-none-eabi-cpp -I include - | tools/preproc/preproc -ie data/maps.s charmap.txt | arm-none-eabi-as -mcpu=arm7tdmi --defsym MODERN=1 -o build/arauna-en/modern/data/maps.o
tools/preproc/preproc data/mystery_gift.s charmap.txt | arm-none-eabi-cpp -I include - | tools/preproc/preproc -ie data/mystery_gift.s charmap.txt | arm-none-eabi-as -mcpu=arm7tdmi --defsym MODERN=1 -o build/arauna-en/modern/data/mystery_gift.o
tools/gbagfx/gbagfx build/arauna-en/assets/data/tilesets/primary/arauna_border_ever_grande_city_v2/tiles.png.4bpp build/arauna-en/assets/data/tilesets/primary/arauna_border_ever_grande_city_v2/tiles.png.4bpp.lz
tools/gbagfx/gbagfx build/arauna-en/assets/data/tilesets/primary/arauna_border_mauville_city_v2/tiles.png.4bpp build/arauna-en/assets/data/tilesets/primary/arauna_border_mauville_city_v2/tiles.png.4bpp.lz
tools/gbagfx/gbagfx build/arauna-en/assets/data/tilesets/primary/arauna_border_route103_v2/tiles.png.4bpp build/arauna-en/assets/data/tilesets/primary/arauna_border_route103_v2/tiles.png.4bpp.lz
tools/gbagfx/gbagfx build/arauna-en/assets/data/tilesets/primary/arauna_border_route110_v2/tiles.png.4bpp build/arauna-en/assets/data/tilesets/primary/arauna_border_route110_v2/tiles.png.4bpp.lz
tools/gbagfx/gbagfx build/arauna-en/assets/data/tilesets/primary/arauna_border_route124_v2/tiles.png.4bpp build/arauna-en/assets/data/tilesets/primary/arauna_border_route124_v2/tiles.png.4bpp.lz
tools/gbagfx/gbagfx build/arauna-en/assets/data/tilesets/primary/arauna_border_route126_v2/tiles.png.4bpp build/arauna-en/assets/data/tilesets/primary/arauna_border_route126_v2/tiles.png.4bpp.lz
tools/gbagfx/gbagfx build/arauna-en/assets/data/tilesets/primary/arauna_border_route128_v2/tiles.png.4bpp build/arauna-en/assets/data/tilesets/primary/arauna_border_route128_v2/tiles.png.4bpp.lz
tools/gbagfx/gbagfx build/arauna-en/assets/data/tilesets/primary/arauna_border_slateport_city_v2/tiles.png.4bpp build/arauna-en/assets/data/tilesets/primary/arauna_border_slateport_city_v2/tiles.png.4bpp.lz
tools/gbagfx/gbagfx build/arauna-en/assets/data/tilesets/secondary/arauna_border_ever_grande_city_v2/tiles.png.4bpp build/arauna-en/assets/data/tilesets/secondary/arauna_border_ever_grande_city_v2/tiles.png.4bpp.lz
tools/gbagfx/gbagfx build/arauna-en/assets/data/tilesets/secondary/arauna_border_mauville_city_v2/tiles.png.4bpp build/arauna-en/assets/data/tilesets/secondary/arauna_border_mauville_city_v2/tiles.png.4bpp.lz
tools/gbagfx/gbagfx build/arauna-en/assets/data/tilesets/secondary/arauna_border_route103_v2/tiles.png.4bpp build/arauna-en/assets/data/tilesets/secondary/arauna_border_route103_v2/tiles.png.4bpp.lz
tools/gbagfx/gbagfx build/arauna-en/assets/data/tilesets/secondary/arauna_border_route110_v2/tiles.png.4bpp build/arauna-en/assets/data/tilesets/secondary/arauna_border_route110_v2/tiles.png.4bpp.lz
tools/gbagfx/gbagfx build/arauna-en/assets/data/tilesets/secondary/arauna_border_route124_v2/tiles.png.4bpp build/arauna-en/assets/data/tilesets/secondary/arauna_border_route124_v2/tiles.png.4bpp.lz
tools/gbagfx/gbagfx build/arauna-en/assets/data/tilesets/secondary/arauna_border_route126_v2/tiles.png.4bpp build/arauna-en/assets/data/tilesets/secondary/arauna_border_route126_v2/tiles.png.4bpp.lz
tools/gbagfx/gbagfx build/arauna-en/assets/data/tilesets/secondary/arauna_border_route128_v2/tiles.png.4bpp build/arauna-en/assets/data/tilesets/secondary/arauna_border_route128_v2/tiles.png.4bpp.lz
tools/gbagfx/gbagfx build/arauna-en/assets/data/tilesets/secondary/arauna_border_slateport_city_v2/tiles.png.4bpp build/arauna-en/assets/data/tilesets/secondary/arauna_border_slateport_city_v2/tiles.png.4bpp.lz
tools/gbagfx/gbagfx build/arauna-en/assets/data/tilesets/secondary/arauna_grutas_seafloor_correntes_v1/tiles.png.4bpp build/arauna-en/assets/data/tilesets/secondary/arauna_grutas_seafloor_correntes_v1/tiles.png.4bpp.lz
tools/gbagfx/gbagfx build/arauna-en/assets/data/tilesets/secondary/arauna_grutas_seafloor_rocha_v1/tiles.png.4bpp build/arauna-en/assets/data/tilesets/secondary/arauna_grutas_seafloor_rocha_v1/tiles.png.4bpp.lz
tools/gbagfx/gbagfx build/arauna-en/assets/data/tilesets/secondary/arauna_grutas_victory_rocha_v1/tiles.png.4bpp build/arauna-en/assets/data/tilesets/secondary/arauna_grutas_victory_rocha_v1/tiles.png.4bpp.lz
tools/gbagfx/gbagfx build/arauna-en/assets/data/tilesets/secondary/arauna_rota_tecnica_v1/tiles.png.4bpp build/arauna-en/assets/data/tilesets/secondary/arauna_rota_tecnica_v1/tiles.png.4bpp.lz
/workspace/scratch/d023984cb14b/deps/root/usr/bin/../lib/gcc/arm-none-eabi/13.2.1/cc1 -quiet <flags> -o build/arauna-en/modern/src/tilesets.o src/tilesets.c
asm/macros/event.inc: Assembler messages:
asm/macros/event.inc:306: Warning: explicit waitstate follows implicit waitstate, ignoring
data/scripts/arauna_qol.inc:60:  Info: macro invoked from here
asm/macros/event.inc:306: Warning: explicit waitstate follows implicit waitstate, ignoring
data/scripts/arauna_qol.inc:67:  Info: macro invoked from here
asm/macros/event.inc:306: Warning: explicit waitstate follows implicit waitstate, ignoring
data/scripts/arauna_qol.inc:85:  Info: macro invoked from here
asm/macros/event.inc:306: Warning: explicit waitstate follows implicit waitstate, ignoring
data/scripts/arauna_qol.inc:92:  Info: macro invoked from here
asm/macros/event.inc:306: Warning: explicit waitstate follows implicit waitstate, ignoring
data/scripts/arauna_qol.inc:115:  Info: macro invoked from here
Memory region         Used Size  Region Size  %age Used
           EWRAM:      249708 B       256 KB     95.26%
           IWRAM:       30428 B        32 KB     92.86%
             ROM:    17679524 B        32 MB     52.69%
cd build/arauna-en/modern && arm-none-eabi-ld -Map ../../../pokemon-juramento-de-arauna-en_modern.map -T ../../../ld_script_modern.ld --print-memory-usage -o ../../../pokemon-juramento-de-arauna-en_modern.elf <objs> <libs> | cat
tools/gbafix/gbafix pokemon-juramento-de-arauna-en_modern.elf -t"POKEMON EMER" -cBPEE -m01 -r0 --silent
arm-none-eabi-objcopy -O binary pokemon-juramento-de-arauna-en_modern.elf pokemon-juramento-de-arauna-en_modern.gba
tools/gbafix/gbafix pokemon-juramento-de-arauna-en_modern.gba -p --silent
