Packing borders Route124
Packing borders Route126
Packing borders Route110
Packing borders MauvilleCity
Packing borders SlateportCity
Packing borders EverGrandeCity
Packing borders Route128
Packing borders Route103
Packing borders PetalburgCity
Packing borders Route104
Packing borders RustboroCity
Packing borders Route111
Packing borders Route117
Packing borders Route118
Packing borders Route115
Packing borders LavaridgeTown
Packing borders Route112
Packing borders Route102
Packing borders OldaleTown
Packing borders Route105
Packing borders Route119
Packing borders Route116
Packing borders Route114
Packing borders VerdanturfTown
Built 24 private pairs and 40 border regions
